
> multitenant-api@1.0.0 test
> jest --forceExit --detectOpenHandles tests/upload-validation.test.js --verbose --forceExit

node.exe : (node:11008) [DEP0169] DeprecationWarning: 
`url.parse()` behavior is not standardized and prone to 
errors that have security implications. Use the WHATWG 
URL API instead. CVEs are not issued for `url.parse()` 
vulnerabilities.
Au caractère Ligne:1 : 1
+ & "C:\Program Files\nodejs/node.exe" "C:\Program 
Files\nodejs/node_mo ...
+ ~~~~~~~~~~~~~~~~~~~~~~~~~~~~~~~~~~~~~~~~~~~~~~~~~~~~~~~~
~~~~~~~~~~~~~
    + CategoryInfo          : NotSpecified: ((node:11008) 
    [D...ulnerabilities.:String) [], RemoteException
    + FullyQualifiedErrorId : NativeCommandError
 
(Use `node --trace-deprecation ...` to show where the 
warning was created)
  console.log


      at Server.log (src/index.js:164:13)

  console.log


      at Server.log (src/index.js:168:13)

  console.warn
    ÔÜá´©Å Redis connection error: getaddrinfo ENOTFOUND redis

    [0m [90m 10 |[39m         
     [90m 11 |[39m         redisClient[33m.[39mon([32m'error'[39m[33m,[39m (err) [33m=>[39m {
    [31m[1m>[22m[39m[90m 12 |[39m             console[33m.[39mwarn([32m'ÔÜá´©Å Redis connection error:'[39m[33m,[39m err[33m.[39mmessage)[33m;[39m
     [90m    |[39m                     [31m[1m^[22m[39m
     [90m 13 |[39m         })[33m;[39m
     [90m 14 |[39m         
     [90m 15 |[39m         redisClient[33m.[39mon([32m'connect'[39m[33m,[39m () [33m=>[39m {[0m

      at Commander.warn (src/config/redis.js:12:21)
      at RedisSocket.<anonymous> (node_modules/@redis/client/dist/lib/client/index.js:422:14)
      at RedisSocket._RedisSocket_connect (node_modules/@redis/client/dist/lib/client/socket.js:166:18)
      at Commander.connect (node_modules/@redis/client/dist/lib/client/index.js:185:9)
      at getRedisClient (src/config/redis.js:19:9)
      at cacheGet (src/config/redis.js:26:24)
      at TenantService.findBySubdomain (src/services/tenant-service.js:9:22)
      at tenantResolver (src/middleware/tenant-resolver.js:31:22)

  console.warn
    ÔÜá´©Å Redis connection error: getaddrinfo ENOTFOUND redis

    [0m [90m 10 |[39m         
     [90m 11 |[39m         redisClient[33m.[39mon([32m'error'[39m[33m,[39m (err) [33m=>[39m {
    [31m[1m>[22m[39m[90m 12 |[39m             console[33m.[39mwarn([32m'ÔÜá´©Å Redis connection error:'[39m[33m,[39m err[33m.[39mmessage)[33m;[39m
     [90m    |[39m                     [31m[1m^[22m[39m
     [90m 13 |[39m         })[33m;[39m
     [90m 14 |[39m         
     [90m 15 |[39m         redisClient[33m.[39mon([32m'connect'[39m[33m,[39m () [33m=>[39m {[0m

      at Commander.warn (src/config/redis.js:12:21)
      at RedisSocket.<anonymous> (node_modules/@redis/client/dist/lib/client/index.js:422:14)
      at RedisSocket._RedisSocket_connect (node_modules/@redis/client/dist/lib/client/socket.js:166:18)
      at Commander.connect (node_modules/@redis/client/dist/lib/client/index.js:185:9)
      at getRedisClient (src/config/redis.js:19:9)
      at cacheGet (src/config/redis.js:26:24)
      at TenantService.findBySubdomain (src/services/tenant-service.js:9:22)
      at tenantResolver (src/middleware/tenant-resolver.js:31:22)

  console.warn
    ÔÜá´©Å Redis connection error: getaddrinfo ENOTFOUND redis

    [0m [90m 10 |[39m         
     [90m 11 |[39m         redisClient[33m.[39mon([32m'error'[39m[33m,[39m (err) [33m=>[39m {
    [31m[1m>[22m[39m[90m 12 |[39m             console[33m.[39mwarn([32m'ÔÜá´©Å Redis connection error:'[39m[33m,[39m err[33m.[39mmessage)[33m;[39m
     [90m    |[39m                     [31m[1m^[22m[39m
     [90m 13 |[39m         })[33m;[39m
     [90m 14 |[39m         
     [90m 15 |[39m         redisClient[33m.[39mon([32m'connect'[39m[33m,[39m () [33m=>[39m {[0m

      at Commander.warn (src/config/redis.js:12:21)
      at RedisSocket.<anonymous> (node_modules/@redis/client/dist/lib/client/index.js:422:14)
      at RedisSocket._RedisSocket_connect (node_modules/@redis/client/dist/lib/client/socket.js:166:18)
      at Commander.connect (node_modules/@redis/client/dist/lib/client/index.js:185:9)
      at getRedisClient (src/config/redis.js:19:9)
      at cacheGet (src/config/redis.js:26:24)
      at TenantService.findBySubdomain (src/services/tenant-service.js:9:22)
      at tenantResolver (src/middleware/tenant-resolver.js:31:22)

  console.warn
    ÔÜá´©Å Redis connection error: getaddrinfo ENOTFOUND redis

    [0m [90m 10 |[39m         
     [90m 11 |[39m         redisClient[33m.[39mon([32m'error'[39m[33m,[39m (err) [33m=>[39m {
    [31m[1m>[22m[39m[90m 12 |[39m             console[33m.[39mwarn([32m'ÔÜá´©Å Redis connection error:'[39m[33m,[39m err[33m.[39mmessage)[33m;[39m
     [90m    |[39m                     [31m[1m^[22m[39m
     [90m 13 |[39m         })[33m;[39m
     [90m 14 |[39m         
     [90m 15 |[39m         redisClient[33m.[39mon([32m'connect'[39m[33m,[39m () [33m=>[39m {[0m

      at Commander.warn (src/config/redis.js:12:21)
      at RedisSocket.<anonymous> (node_modules/@redis/client/dist/lib/client/index.js:422:14)
      at RedisSocket._RedisSocket_connect (node_modules/@redis/client/dist/lib/client/socket.js:166:18)
      at Commander.connect (node_modules/@redis/client/dist/lib/client/index.js:185:9)
      at getRedisClient (src/config/redis.js:19:9)
      at cacheGet (src/config/redis.js:26:24)
      at TenantService.findBySubdomain (src/services/tenant-service.js:9:22)
      at tenantResolver (src/middleware/tenant-resolver.js:31:22)

  console.warn
    ÔÜá´©Å Redis connection error: getaddrinfo ENOTFOUND redis

    [0m [90m 10 |[39m         
     [90m 11 |[39m         redisClient[33m.[39mon([32m'error'[39m[33m,[39m (err) [33m=>[39m {
    [31m[1m>[22m[39m[90m 12 |[39m             console[33m.[39mwarn([32m'ÔÜá´©Å Redis connection error:'[39m[33m,[39m err[33m.[39mmessage)[33m;[39m
     [90m    |[39m                     [31m[1m^[22m[39m
     [90m 13 |[39m         })[33m;[39m
     [90m 14 |[39m         
     [90m 15 |[39m         redisClient[33m.[39mon([32m'connect'[39m[33m,[39m () [33m=>[39m {[0m

      at Commander.warn (src/config/redis.js:12:21)
      at RedisSocket.<anonymous> (node_modules/@redis/client/dist/lib/client/index.js:422:14)
      at RedisSocket._RedisSocket_connect (node_modules/@redis/client/dist/lib/client/socket.js:166:18)
      at Commander.connect (node_modules/@redis/client/dist/lib/client/index.js:185:9)
      at getRedisClient (src/config/redis.js:19:9)
      at cacheGet (src/config/redis.js:26:24)
      at TenantService.findBySubdomain (src/services/tenant-service.js:9:22)
      at tenantResolver (src/middleware/tenant-resolver.js:31:22)

  console.warn
    ÔÜá´©Å Redis connection error: getaddrinfo ENOTFOUND redis

    [0m [90m 10 |[39m         
     [90m 11 |[39m         redisClient[33m.[39mon([32m'error'[39m[33m,[39m (err) [33m=>[39m {
    [31m[1m>[22m[39m[90m 12 |[39m             console[33m.[39mwarn([32m'ÔÜá´©Å Redis connection error:'[39m[33m,[39m err[33m.[39mmessage)[33m;[39m
     [90m    |[39m                     [31m[1m^[22m[39m
     [90m 13 |[39m         })[33m;[39m
     [90m 14 |[39m         
     [90m 15 |[39m         redisClient[33m.[39mon([32m'connect'[39m[33m,[39m () [33m=>[39m {[0m

      at Commander.warn (src/config/redis.js:12:21)
      at RedisSocket.<anonymous> (node_modules/@redis/client/dist/lib/client/index.js:422:14)
      at RedisSocket._RedisSocket_connect (node_modules/@redis/client/dist/lib/client/socket.js:166:18)
      at Commander.connect (node_modules/@redis/client/dist/lib/client/index.js:185:9)
      at getRedisClient (src/config/redis.js:19:9)
      at cacheGet (src/config/redis.js:26:24)
      at TenantService.findBySubdomain (src/services/tenant-service.js:9:22)
      at tenantResolver (src/middleware/tenant-resolver.js:31:22)

  console.warn
    ÔÜá´©Å Redis connection error: getaddrinfo ENOTFOUND redis

    [0m [90m 10 |[39m         
     [90m 11 |[39m         redisClient[33m.[39mon([32m'error'[39m[33m,[39m (err) [33m=>[39m {
    [31m[1m>[22m[39m[90m 12 |[39m             console[33m.[39mwarn([32m'ÔÜá´©Å Redis connection error:'[39m[33m,[39m err[33m.[39mmessage)[33m;[39m
     [90m    |[39m                     [31m[1m^[22m[39m
     [90m 13 |[39m         })[33m;[39m
     [90m 14 |[39m         
     [90m 15 |[39m         redisClient[33m.[39mon([32m'connect'[39m[33m,[39m () [33m=>[39m {[0m

      at Commander.warn (src/config/redis.js:12:21)
      at RedisSocket.<anonymous> (node_modules/@redis/client/dist/lib/client/index.js:422:14)
      at RedisSocket._RedisSocket_connect (node_modules/@redis/client/dist/lib/client/socket.js:166:18)
      at Commander.connect (node_modules/@redis/client/dist/lib/client/index.js:185:9)
      at getRedisClient (src/config/redis.js:19:9)
      at cacheGet (src/config/redis.js:26:24)
      at TenantService.findBySubdomain (src/services/tenant-service.js:9:22)
      at tenantResolver (src/middleware/tenant-resolver.js:31:22)

  console.warn
    ÔÜá´©Å Redis connection error: getaddrinfo ENOTFOUND redis

    [0m [90m 10 |[39m         
     [90m 11 |[39m         redisClient[33m.[39mon([32m'error'[39m[33m,[39m (err) [33m=>[39m {
    [31m[1m>[22m[39m[90m 12 |[39m             console[33m.[39mwarn([32m'ÔÜá´©Å Redis connection error:'[39m[33m,[39m err[33m.[39mmessage)[33m;[39m
     [90m    |[39m                     [31m[1m^[22m[39m
     [90m 13 |[39m         })[33m;[39m
     [90m 14 |[39m         
     [90m 15 |[39m         redisClient[33m.[39mon([32m'connect'[39m[33m,[39m () [33m=>[39m {[0m

      at Commander.warn (src/config/redis.js:12:21)
      at RedisSocket.<anonymous> (node_modules/@redis/client/dist/lib/client/index.js:422:14)
      at RedisSocket._RedisSocket_connect (node_modules/@redis/client/dist/lib/client/socket.js:166:18)
      at Commander.connect (node_modules/@redis/client/dist/lib/client/index.js:185:9)
      at getRedisClient (src/config/redis.js:19:9)
      at cacheGet (src/config/redis.js:26:24)
      at TenantService.findBySubdomain (src/services/tenant-service.js:9:22)
      at tenantResolver (src/middleware/tenant-resolver.js:31:22)

  console.warn
    ÔÜá´©Å Redis connection error: getaddrinfo ENOTFOUND redis

    [0m [90m 10 |[39m         
     [90m 11 |[39m         redisClient[33m.[39mon([32m'error'[39m[33m,[39m (err) [33m=>[39m {
    [31m[1m>[22m[39m[90m 12 |[39m             console[33m.[39mwarn([32m'ÔÜá´©Å Redis connection error:'[39m[33m,[39m err[33m.[39mmessage)[33m;[39m
     [90m    |[39m                     [31m[1m^[22m[39m
     [90m 13 |[39m         })[33m;[39m
     [90m 14 |[39m         
     [90m 15 |[39m         redisClient[33m.[39mon([32m'connect'[39m[33m,[39m () [33m=>[39m {[0m

      at Commander.warn (src/config/redis.js:12:21)
      at RedisSocket.<anonymous> (node_modules/@redis/client/dist/lib/client/index.js:422:14)
      at RedisSocket._RedisSocket_connect (node_modules/@redis/client/dist/lib/client/socket.js:166:18)
      at Commander.connect (node_modules/@redis/client/dist/lib/client/index.js:185:9)
      at getRedisClient (src/config/redis.js:19:9)
      at cacheGet (src/config/redis.js:26:24)
      at TenantService.findBySubdomain (src/services/tenant-service.js:9:22)
      at tenantResolver (src/middleware/tenant-resolver.js:31:22)

  console.warn
    ÔÜá´©Å Redis connection error: getaddrinfo ENOTFOUND redis

    [0m [90m 10 |[39m         
     [90m 11 |[39m         redisClient[33m.[39mon([32m'error'[39m[33m,[39m (err) [33m=>[39m {
    [31m[1m>[22m[39m[90m 12 |[39m             console[33m.[39mwarn([32m'ÔÜá´©Å Redis connection error:'[39m[33m,[39m err[33m.[39mmessage)[33m;[39m
     [90m    |[39m                     [31m[1m^[22m[39m
     [90m 13 |[39m         })[33m;[39m
     [90m 14 |[39m         
     [90m 15 |[39m         redisClient[33m.[39mon([32m'connect'[39m[33m,[39m () [33m=>[39m {[0m

      at Commander.warn (src/config/redis.js:12:21)
      at RedisSocket.<anonymous> (node_modules/@redis/client/dist/lib/client/index.js:422:14)
      at RedisSocket._RedisSocket_connect (node_modules/@redis/client/dist/lib/client/socket.js:166:18)
      at Commander.connect (node_modules/@redis/client/dist/lib/client/index.js:185:9)
      at getRedisClient (src/config/redis.js:19:9)
      at cacheGet (src/config/redis.js:26:24)
      at TenantService.findBySubdomain (src/services/tenant-service.js:9:22)
      at tenantResolver (src/middleware/tenant-resolver.js:31:22)

FAIL tests/upload-validation.test.js (31.986 s)
  ­ƒôü Upload Validation
    ├ù Ô£à Accepte un entityType valide (general) (1 ms)
    ├ù ÔØî Refuse un entityType invalide
    ├ù ÔØî Pour un produit, entityId est requis
    ├ù Ô£à Pour un produit, entityId UUID est accept├®

  ÔùÅ ƒôü Upload Validation ÔÇ║ Ô£à Accepte un entityType 
valide (general)

    thrown: "Exceeded timeout of 30000 ms for a hook.
    Add a timeout value to this test to increase the 
timeout, if this is a long-running test. See 
https://jestjs.io/docs/api#testname-fn-timeout."

    [0m [90m  6 |[39m     [36mlet[39m 
token[33m;[39m
     [90m  7 |[39m     
    [31m[1m>[22m[39m[90m  8 |[39m     
beforeAll([36masync[39m () [33m=>[39m {
     [90m    |[39m     [31m[1m^[22m[39m
     [90m  9 |[39m         [90m// Cr├®er un 
utilisateur et r├®cup├®rer un token[39m
     [90m 10 |[39m         [36mconst[39m email 
[33m=[39m 
[32m`upload-test-${Date.now()}@demo.com`[39m[33m;[39m
     [90m 11 |[39m         [36mawait[39m 
request(app)[0m

      at beforeAll (tests/upload-validation.test.js:8:5)
      at Object.describe 
(tests/upload-validation.test.js:5:1)

  ÔùÅ ƒôü Upload Validation ÔÇ║ ÔØî Refuse un entityType 
invalide

    thrown: "Exceeded timeout of 30000 ms for a hook.
    Add a timeout value to this test to increase the 
timeout, if this is a long-running test. See 
https://jestjs.io/docs/api#testname-fn-timeout."

    [0m [90m  6 |[39m     [36mlet[39m 
token[33m;[39m
     [90m  7 |[39m     
    [31m[1m>[22m[39m[90m  8 |[39m     
beforeAll([36masync[39m () [33m=>[39m {
     [90m    |[39m     [31m[1m^[22m[39m
     [90m  9 |[39m         [90m// Cr├®er un 
utilisateur et r├®cup├®rer un token[39m
     [90m 10 |[39m         [36mconst[39m email 
[33m=[39m 
[32m`upload-test-${Date.now()}@demo.com`[39m[33m;[39m
     [90m 11 |[39m         [36mawait[39m 
request(app)[0m

      at beforeAll (tests/upload-validation.test.js:8:5)
      at Object.describe 
(tests/upload-validation.test.js:5:1)

  ÔùÅ ƒôü Upload Validation ÔÇ║ ÔØî Pour un produit, 
entityId est requis

    thrown: "Exceeded timeout of 30000 ms for a hook.
    Add a timeout value to this test to increase the 
timeout, if this is a long-running test. See 
https://jestjs.io/docs/api#testname-fn-timeout."

    [0m [90m  6 |[39m     [36mlet[39m 
token[33m;[39m
     [90m  7 |[39m     
    [31m[1m>[22m[39m[90m  8 |[39m     
beforeAll([36masync[39m () [33m=>[39m {
     [90m    |[39m     [31m[1m^[22m[39m
     [90m  9 |[39m         [90m// Cr├®er un 
utilisateur et r├®cup├®rer un token[39m
     [90m 10 |[39m         [36mconst[39m email 
[33m=[39m 
[32m`upload-test-${Date.now()}@demo.com`[39m[33m;[39m
     [90m 11 |[39m         [36mawait[39m 
request(app)[0m

      at beforeAll (tests/upload-validation.test.js:8:5)
      at Object.describe 
(tests/upload-validation.test.js:5:1)

  ÔùÅ ƒôü Upload Validation ÔÇ║ Ô£à Pour un produit, 
entityId UUID est accept├®

    thrown: "Exceeded timeout of 30000 ms for a hook.
    Add a timeout value to this test to increase the 
timeout, if this is a long-running test. See 
https://jestjs.io/docs/api#testname-fn-timeout."

    [0m [90m  6 |[39m     [36mlet[39m 
token[33m;[39m
     [90m  7 |[39m     
    [31m[1m>[22m[39m[90m  8 |[39m     
beforeAll([36masync[39m () [33m=>[39m {
     [90m    |[39m     [31m[1m^[22m[39m
     [90m  9 |[39m         [90m// Cr├®er un 
utilisateur et r├®cup├®rer un token[39m
     [90m 10 |[39m         [36mconst[39m email 
[33m=[39m 
[32m`upload-test-${Date.now()}@demo.com`[39m[33m;[39m
     [90m 11 |[39m         [36mawait[39m 
request(app)[0m

      at beforeAll (tests/upload-validation.test.js:8:5)
      at Object.describe 
(tests/upload-validation.test.js:5:1)

Test Suites: 1 failed, 1 total
Tests:       4 failed, 4 total
Snapshots:   0 total
Time:        32.074 s
Ran all test suites matching 
/tests\\upload-validation.test.js/i.

Jest has detected the following 2 open handles 
potentially keeping Jest from exiting:

  ÔùÅ  TCPSERVERWRAP

    [0m [90m 10 |[39m         [36mconst[39m email 
[33m=[39m 
[32m`upload-test-${Date.now()}@demo.com`[39m[33m;[39m
     [90m 11 |[39m         [36mawait[39m request(app)
    [31m[1m>[22m[39m[90m 12 |[39m             
[33m.[39mpost([32m'/api/auth/register'[39m)
     [90m    |[39m              [31m[1m^[22m[39m
     [90m 13 |[39m             [33m.[39m[36mset[39m(
[32m'X-Tenant-Subdomain'[39m[33m,[39m 
[32m'demo'[39m)
     [90m 14 |[39m             [33m.[39msend({ 
email[33m,[39m password[33m:[39m 
[32m'Test123!'[39m[33m,[39m name[33m:[39m 
[32m'Upload Tester'[39m })[33m;[39m
     [90m 15 |[39m         [0m

      at Test.serverAddress 
(node_modules/supertest/lib/test.js:63:35)
      at new Test 
(node_modules/supertest/lib/test.js:49:14)
      at Object.obj.<computed> [as post] 
(node_modules/supertest/index.js:40:18)
      at Object.post 
(tests/upload-validation.test.js:12:14)


  ÔùÅ  TCPSERVERWRAP

    [0m [90m 161 |[39m [36mconst[39m [33mPORT[39m 
[33m=[39m 
process[33m.[39menv[33m.[39m[33mPORT[39m 
[33m||[39m [35m3000[39m[33m;[39m
     [90m 162 |[39m
    [31m[1m>[22m[39m[90m 163 |[39m [36mconst[39m 
server [33m=[39m 
app[33m.[39mlisten([33mPORT[39m[33m,[39m 
[32m'0.0.0.0'[39m[33m,[39m () [33m=>[39m {
     [90m     |[39m                    
[31m[1m^[22m[39m
     [90m 164 |[39m     
console[33m.[39mlog([32m''[39m)[33m;[39m
     [90m 165 |[39m     logger[33m.[39msuccess([32m`-
ƒÜÇ API d├®marr├®e sur le port ${PORT}`[39m)[33m;[39m
     [90m 166 |[39m     logger[33m.[39minfo([32m`ƒôì 
Health check: 
http://localhost:${PORT}/api/health`[39m)[33m;[39m[0m

      at app.listen 
(node_modules/express/lib/application.js:635:24)
      at Object.listen (src/index.js:163:20)
      at Object.require 
(tests/upload-validation.test.js:2:13)

